device=cuda | train=6 calib=2 test=8 records (train dims=[5], test dims=[5, 10])
building pairs (mode=hard) ...
  [train] IOH_Ellipsoid_D5_r1: 900 pairs
  [train] IOH_Rastrigin_D5_r1: 900 pairs
  [train] IOH_Rastrigin_D5_r2: 900 pairs
  [train] IOH_Rosenbrock_D5_r1: 900 pairs
  [train] IOH_Rosenbrock_D5_r2: 900 pairs
  [train] IOH_Sphere_D5_r1: 900 pairs
  [calib] IOH_Ellipsoid_D5_r2: 200 pairs
  [calib] IOH_Sphere_D5_r2: 200 pairs
  [test] IOH_Ellipsoid_D10_r3: 900 pairs
  [test] IOH_Ellipsoid_D5_r3: 900 pairs
  [test] IOH_Rastrigin_D10_r3: 900 pairs
  [test] IOH_Rastrigin_D5_r3: 900 pairs
  [test] IOH_Rosenbrock_D10_r3: 900 pairs
  [test] IOH_Rosenbrock_D5_r3: 900 pairs
  [test] IOH_Sphere_D10_r3: 900 pairs
  [test] IOH_Sphere_D5_r3: 900 pairs
target diag: {
  "y_quantiles": {
    "0.05": 0.0,
    "0.25": 0.0,
    "0.5": 0.0,
    "0.75": 1.0,
    "0.95": 1.0
  },
  "frac_near_tie_[.45,.55]": 0.0,
  "frac_decisive_>_.95_or_<_.05": 1.0,
  "mean_abs_delta": 1.974284869390563
}
Loading weights:   0%|          | 0/136 [00:00<?, ?it/s]Loading weights: 100%|██████████| 136/136 [00:00<00:00, 4752.51it/s]
[transformers] [1mModernBertForSequenceClassification LOAD REPORT[0m from: answerdotai/ModernBERT-base
Key               | Status     | 
------------------+------------+-
decoder.bias      | UNEXPECTED | 
classifier.bias   | MISSING    | 
classifier.weight | MISSING    | 

Notes:
- UNEXPECTED:	can be ignored when loading from different task/architecture; not ok if you expect identical arch.
- MISSING:	those params were newly initialized because missing from the checkpoint. Consider training on your downstream task.
bf16 autocast: True | grad ckpt: False
steps/epoch=150 total=450 warmup=22
  step    50/450 ep1 loss=0.6483 p̄=0.588 bs=37 lr=1.98e-05 4.26 it/s
  step   100/450 ep1 loss=0.6012 p̄=0.461 bs=37 lr=1.84e-05 4.36 it/s
  step   150/450 ep1 loss=0.5657 p̄=0.593 bs=36 lr=1.59e-05 4.37 it/s
  step   200/450 ep2 loss=0.5084 p̄=0.582 bs=36 lr=1.26e-05 4.37 it/s
  step   250/450 ep2 loss=0.5256 p̄=0.442 bs=36 lr=8.97e-06 4.38 it/s
  step   300/450 ep2 loss=0.4872 p̄=0.598 bs=36 lr=5.47e-06 4.38 it/s
  step   350/450 ep3 loss=0.4035 p̄=0.577 bs=37 lr=2.58e-06 4.38 it/s
  step   400/450 ep3 loss=0.3356 p̄=0.458 bs=36 lr=6.66e-07 4.38 it/s
  step   450/450 ep3 loss=0.3108 p̄=0.457 bs=36 lr=0.00e+00 4.38 it/s
training done in 1.7 min
fitted temperature T=2.255 (runtime clamp -> 2.255)
{
  "n": 7200,
  "acc": 0.6555555555555556,
  "nll_hard": 0.6862816627856723,
  "brier_hard": 0.2298499867100017,
  "ece": 0.15225977830702,
  "l1_target": 0.3640675271143684,
  "nll_target": 0.6862816627856723,
  "target_entropy": 2.1723265530343085e-08,
  "spearman_conf_strength": 0.05005364692747519,
  "acc_T": 0.6555555555555556,
  "nll_hard_T": 0.5981049006396165,
  "ece_T": 0.04645465876930378,
  "l1_target_T": 0.41191701201226855
}
per-function acc: {'IOH_Ellipsoid_D10': 0.6533, 'IOH_Ellipsoid_D5': 0.7133, 'IOH_Rastrigin_D10': 0.5578, 'IOH_Rastrigin_D5': 0.6689, 'IOH_Rosenbrock_D10': 0.6089, 'IOH_Rosenbrock_D5': 0.7344, 'IOH_Sphere_D10': 0.5644, 'IOH_Sphere_D5': 0.7433}
strata: [
  {
    "bucket": "Q1",
    "n": 1800,
    "acc": 0.5527777777777778,
    "mean_y": 0.5283333333333333,
    "mean_conf": 0.8196942172455601,
    "mean_abs_p05": 0.31969421724556013
  },
  {
    "bucket": "Q2",
    "n": 1800,
    "acc": 0.6288888888888889,
    "mean_y": 0.5366666666666666,
    "mean_conf": 0.8138446980712211,
    "mean_abs_p05": 0.3138446980712211
  },
  {
    "bucket": "Q3",
    "n": 1800,
    "acc": 0.6483333333333333,
    "mean_y": 0.4761111111111111,
    "mean_conf": 0.7946892204572861,
    "mean_abs_p05": 0.29468922045728607
  },
  {
    "bucket": "Q4",
    "n": 1800,
    "acc": 0.7922222222222223,
    "mean_y": 0.45111111111111113,
    "mean_conf": 0.8005662185301642,
    "mean_abs_p05": 0.3005662185301642
  }
]
saved -> runs/p1/hard_tau1.0/metrics.json
